Archive member included to satisfy reference by file (symbol)

/Applications/ArmGNUToolchain/12.2.rel1/arm-none-eabi/bin/../lib/gcc/arm-none-eabi/12.2.1/../../../../arm-none-eabi/lib/thumb/v7e-m/nofp/libc_nano.a(libc_a-exit.o)
                              /Applications/ArmGNUToolchain/12.2.rel1/arm-none-eabi/bin/../lib/gcc/arm-none-eabi/12.2.1/../../../../arm-none-eabi/lib/thumb/v7e-m/nofp/crt0.o (exit)
/Applications/ArmGNUToolchain/12.2.rel1/arm-none-eabi/bin/../lib/gcc/arm-none-eabi/12.2.1/../../../../arm-none-eabi/lib/thumb/v7e-m/nofp/libc_nano.a(libc_a-findfp.o)
                              /Applications/ArmGNUToolchain/12.2.rel1/arm-none-eabi/bin/../lib/gcc/arm-none-eabi/12.2.1/../../../../arm-none-eabi/lib/thumb/v7e-m/nofp/libc_nano.a(libc_a-exit.o) (__stdio_exit_handler)
/Applications/ArmGNUToolchain/12.2.rel1/arm-none-eabi/bin/../lib/gcc/arm-none-eabi/12.2.1/../../../../arm-none-eabi/lib/thumb/v7e-m/nofp/libc_nano.a(libc_a-fwalk.o)
                              /Applications/ArmGNUToolchain/12.2.rel1/arm-none-eabi/bin/../lib/gcc/arm-none-eabi/12.2.1/../../../../arm-none-eabi/lib/thumb/v7e-m/nofp/libc_nano.a(libc_a-findfp.o) (_fwalk_sglue)
/Applications/ArmGNUToolchain/12.2.rel1/arm-none-eabi/bin/../lib/gcc/arm-none-eabi/12.2.1/../../../../arm-none-eabi/lib/thumb/v7e-m/nofp/libc_nano.a(libc_a-memset.o)
                              /Applications/ArmGNUToolchain/12.2.rel1/arm-none-eabi/bin/../lib/gcc/arm-none-eabi/12.2.1/../../../../arm-none-eabi/lib/thumb/v7e-m/nofp/crt0.o (memset)
/Applications/ArmGNUToolchain/12.2.rel1/arm-none-eabi/bin/../lib/gcc/arm-none-eabi/12.2.1/../../../../arm-none-eabi/lib/thumb/v7e-m/nofp/libc_nano.a(libc_a-impure.o)
                              /Applications/ArmGNUToolchain/12.2.rel1/arm-none-eabi/bin/../lib/gcc/arm-none-eabi/12.2.1/../../../../arm-none-eabi/lib/thumb/v7e-m/nofp/libc_nano.a(libc_a-findfp.o) (_impure_data)
/Applications/ArmGNUToolchain/12.2.rel1/arm-none-eabi/bin/../lib/gcc/arm-none-eabi/12.2.1/../../../../arm-none-eabi/lib/thumb/v7e-m/nofp/libc_nano.a(libc_a-init.o)
                              /Applications/ArmGNUToolchain/12.2.rel1/arm-none-eabi/bin/../lib/gcc/arm-none-eabi/12.2.1/../../../../arm-none-eabi/lib/thumb/v7e-m/nofp/crt0.o (__libc_init_array)
/Applications/ArmGNUToolchain/12.2.rel1/arm-none-eabi/bin/../lib/gcc/arm-none-eabi/12.2.1/../../../../arm-none-eabi/lib/thumb/v7e-m/nofp/libc_nano.a(libc_a-lock.o)
                              /Applications/ArmGNUToolchain/12.2.rel1/arm-none-eabi/bin/../lib/gcc/arm-none-eabi/12.2.1/../../../../arm-none-eabi/lib/thumb/v7e-m/nofp/libc_nano.a(libc_a-findfp.o) (__retarget_lock_init_recursive)
/Applications/ArmGNUToolchain/12.2.rel1/arm-none-eabi/bin/../lib/gcc/arm-none-eabi/12.2.1/../../../../arm-none-eabi/lib/thumb/v7e-m/nofp/libc_nano.a(libc_a-memcpy-stub.o)
                              _build/nrf52810_xxaa/nrf_log_frontend.c.o (memcpy)
/Applications/ArmGNUToolchain/12.2.rel1/arm-none-eabi/bin/../lib/gcc/arm-none-eabi/12.2.1/../../../../arm-none-eabi/lib/thumb/v7e-m/nofp/libc_nano.a(libc_a-strlen.o)
                              _build/nrf52810_xxaa/nrf_log_frontend.c.o (strlen)
/Applications/ArmGNUToolchain/12.2.rel1/arm-none-eabi/bin/../lib/gcc/arm-none-eabi/12.2.1/../../../../arm-none-eabi/lib/thumb/v7e-m/nofp/libc_nano.a(libc_a-ctype_.o)
                              _build/nrf52810_xxaa/nrf_log_str_formatter.c.o (_ctype_)
/Applications/ArmGNUToolchain/12.2.rel1/arm-none-eabi/bin/../lib/gcc/arm-none-eabi/12.2.1/../../../../arm-none-eabi/lib/thumb/v7e-m/nofp/libc_nano.a(libc_a-mallocr.o)
                              /Applications/ArmGNUToolchain/12.2.rel1/arm-none-eabi/bin/../lib/gcc/arm-none-eabi/12.2.1/../../../../arm-none-eabi/lib/thumb/v7e-m/nofp/libc_nano.a(libc_a-findfp.o) (_malloc_r)
/Applications/ArmGNUToolchain/12.2.rel1/arm-none-eabi/bin/../lib/gcc/arm-none-eabi/12.2.1/../../../../arm-none-eabi/lib/thumb/v7e-m/nofp/libc_nano.a(libc_a-fflush.o)
                              /Applications/ArmGNUToolchain/12.2.rel1/arm-none-eabi/bin/../lib/gcc/arm-none-eabi/12.2.1/../../../../arm-none-eabi/lib/thumb/v7e-m/nofp/libc_nano.a(libc_a-findfp.o) (_fflush_r)
/Applications/ArmGNUToolchain/12.2.rel1/arm-none-eabi/bin/../lib/gcc/arm-none-eabi/12.2.1/../../../../arm-none-eabi/lib/thumb/v7e-m/nofp/libc_nano.a(libc_a-mlock.o)
                              /Applications/ArmGNUToolchain/12.2.rel1/arm-none-eabi/bin/../lib/gcc/arm-none-eabi/12.2.1/../../../../arm-none-eabi/lib/thumb/v7e-m/nofp/libc_nano.a(libc_a-mallocr.o) (__malloc_lock)
/Applications/ArmGNUToolchain/12.2.rel1/arm-none-eabi/bin/../lib/gcc/arm-none-eabi/12.2.1/../../../../arm-none-eabi/lib/thumb/v7e-m/nofp/libc_nano.a(libc_a-stdio.o)
                              /Applications/ArmGNUToolchain/12.2.rel1/arm-none-eabi/bin/../lib/gcc/arm-none-eabi/12.2.1/../../../../arm-none-eabi/lib/thumb/v7e-m/nofp/libc_nano.a(libc_a-findfp.o) (__sread)
[...]
Memory Configuration

Name             Origin             Length             Attributes
FLASH            0x0000000000001000 0x000000000002f000 xr
RAM              0x0000000020000008 0x0000000000005ff8 xrw
*default*        0x0000000000000000 0xffffffffffffffff

Linker script and memory map


.text           0x0000000000001000      0x61c
 *(.isr_vector)
 .isr_vector    0x0000000000001000      0x200 _build/nrf52810_xxaa/gcc_startup_nrf52810.S.o
                0x0000000000001000                __isr_vector
 *(.text*)
 .text.deregister_tm_clones
                0x0000000000001200       0x1c /Applications/ArmGNUToolchain/12.2.rel1/arm-none-eabi/bin/../lib/gcc/arm-none-eabi/12.2.1/thumb/v7e-m/nofp/crtbegin.o
 .text.register_tm_clones
                0x000000000000121c       0x24 /Applications/ArmGNUToolchain/12.2.rel1/arm-none-eabi/bin/../lib/gcc/arm-none-eabi/12.2.1/thumb/v7e-m/nofp/crtbegin.o
 .text.__do_global_dtors_aux
                0x0000000000001240       0x28 /Applications/ArmGNUToolchain/12.2.rel1/arm-none-eabi/bin/../lib/gcc/arm-none-eabi/12.2.1/thumb/v7e-m/nofp/crtbegin.o
 .text.frame_dummy
                0x0000000000001268       0x24 /Applications/ArmGNUToolchain/12.2.rel1/arm-none-eabi/bin/../lib/gcc/arm-none-eabi/12.2.1/thumb/v7e-m/nofp/crtbegin.o
 .text          0x000000000000128c       0x7c /Applications/ArmGNUToolchain/12.2.rel1/arm-none-eabi/bin/../lib/gcc/arm-none-eabi/12.2.1/../../../../arm-none-eabi/lib/thumb/v7e-m/nofp/crt0.o
                0x000000000000128c                _stack_init
                0x0000000000001294                _mainCRTStartup
                0x0000000000001294                _start
 .text          0x0000000000001308       0x68 _build/nrf52810_xxaa/gcc_startup_nrf52810.S.o
                0x0000000000001308                Reset_Handler
                0x000000000000135c                NMI_Handler
                0x000000000000135e                HardFault_Handler
                0x0000000000001360                MemoryManagement_Handler
                0x0000000000001362                BusFault_Handler
                0x0000000000001364                UsageFault_Handler
                0x0000000000001366                SVC_Handler
                0x0000000000001368                DebugMon_Handler
                0x000000000000136a                PendSV_Handler
                0x000000000000136c                SysTick_Handler
                0x000000000000136e                SWI4_IRQHandler
                0x000000000000136e                TEMP_IRQHandler
                0x000000000000136e                QDEC_IRQHandler
                0x000000000000136e                UARTE0_UART0_IRQHandler
                0x000000000000136e                SWI5_IRQHandler
                0x000000000000136e                TIMER0_IRQHandler
                0x000000000000136e                TIMER1_IRQHandler
                0x000000000000136e                ECB_IRQHandler
                0x000000000000136e                Default_Handler
                0x000000000000136e                SWI3_IRQHandler
                0x000000000000136e                SPIM0_SPIS0_SPI0_IRQHandler
                0x000000000000136e                SAADC_IRQHandler
                0x000000000000136e                CCM_AAR_IRQHandler
                0x000000000000136e                WDT_IRQHandler
                0x000000000000136e                SWI2_IRQHandler
                0x000000000000136e                RNG_IRQHandler
                0x000000000000136e                COMP_IRQHandler
                0x000000000000136e                PWM0_IRQHandler
                0x000000000000136e                RTC1_IRQHandler
                0x000000000000136e                SWI1_EGU1_IRQHandler
                0x000000000000136e                TWIM0_TWIS0_TWI0_IRQHandler
                0x000000000000136e                SWI0_EGU0_IRQHandler
                0x000000000000136e                TIMER2_IRQHandler
                0x000000000000136e                GPIOTE_IRQHandler
                0x000000000000136e                RTC0_IRQHandler
                0x000000000000136e                POWER_CLOCK_IRQHandler
                0x000000000000136e                RADIO_IRQHandler
                0x000000000000136e                PDM_IRQHandler
 .text.bsp_board_led_invert
                0x0000000000001370       0x1c _build/nrf52810_xxaa/boards.c.o
                0x0000000000001370                bsp_board_led_invert
 .text.bsp_board_init
                0x000000000000138c       0x28 _build/nrf52810_xxaa/boards.c.o
                0x000000000000138c                bsp_board_init
 .text.startup.main
                0x00000000000013b4       0x38 _build/nrf52810_xxaa/main.c.o
                0x00000000000013b4                main
 .text.SystemInit
                0x00000000000013ec      0x17c _build/nrf52810_xxaa/system_nrf52810.c.o
                0x00000000000013ec                SystemInit
 .text.exit     0x0000000000001568       0x24 /Applications/ArmGNUToolchain/12.2.rel1/arm-none-eabi/bin/../lib/gcc/arm-none-eabi/12.2.1/../../../../arm-none-eabi/lib/thumb/v7e-m/nofp/libc_nano.a(libc_a-exit.o)
                0x0000000000001568                exit
 .text.memset   0x000000000000158c       0x10 /Applications/ArmGNUToolchain/12.2.rel1/arm-none-eabi/bin/../lib/gcc/arm-none-eabi/12.2.1/../../../../arm-none-eabi/lib/thumb/v7e-m/nofp/libc_nano.a(libc_a-memset.o)
                0x000000000000158c                memset
 .text.__libc_init_array
                0x000000000000159c       0x48 /Applications/ArmGNUToolchain/12.2.rel1/arm-none-eabi/bin/../lib/gcc/arm-none-eabi/12.2.1/../../../../arm-none-eabi/lib/thumb/v7e-m/nofp/libc_nano.a(libc_a-init.o)
                0x000000000000159c                __libc_init_array
 .text._exit    0x00000000000015e4        0x4 /Applications/ArmGNUToolchain/12.2.rel1/arm-none-eabi/bin/../lib/gcc/arm-none-eabi/12.2.1/../../../../arm-none-eabi/lib/thumb/v7e-m/nofp/libnosys.a(_exit.o)
                0x00000000000015e4                _exit
 *(.init)
 .init          0x00000000000015e8        0x4 /Applications/ArmGNUToolchain/12.2.rel1/arm-none-eabi/bin/../lib/gcc/arm-none-eabi/12.2.1/thumb/v7e-m/nofp/crti.o
                0x00000000000015e8                _init
 .init          0x00000000000015ec        0x8 /Applications/ArmGNUToolchain/12.2.rel1/arm-none-eabi/bin/../lib/gcc/arm-none-eabi/12.2.1/thumb/v7e-m/nofp/crtn.o
 *(.fini)
 .fini          0x00000000000015f4        0x4 /Applications/ArmGNUToolchain/12.2.rel1/arm-none-eabi/bin/../lib/gcc/arm-none-eabi/12.2.1/thumb/v7e-m/nofp/crti.o
                0x00000000000015f4                _fini
 .fini          0x00000000000015f8        0x8 /Applications/ArmGNUToolchain/12.2.rel1/arm-none-eabi/bin/../lib/gcc/arm-none-eabi/12.2.1/thumb/v7e-m/nofp/crtn.o
 *crtbegin.o(.ctors)
 *crtbegin?.o(.ctors)
 *(EXCLUDE_FILE(*crtend.o *crtend?.o) .ctors)
 *(SORT_BY_NAME(.ctors.*))
 *(.ctors)
 *crtbegin.o(.dtors)
 *crtbegin?.o(.dtors)
 *(EXCLUDE_FILE(*crtend.o *crtend?.o) .dtors)
 *(SORT_BY_NAME(.dtors.*))
 *(.dtors)
 *(.rodata*)
 .rodata.str1.4
                0x0000000000001600        0x4 _build/nrf52810_xxaa/nrf_log_frontend.c.o
 *fill*         0x0000000000001604        0xc 
 .rodata.delay_machine_code.0
                0x0000000000001610        0x6 _build/nrf52810_xxaa/main.c.o
 *(.eh_frame*)
 *fill*         0x0000000000001616        0x2 
 .eh_frame      0x0000000000001618        0x0 /Applications/ArmGNUToolchain/12.2.rel1/arm-none-eabi/bin/../lib/gcc/arm-none-eabi/12.2.1/thumb/v7e-m/nofp/crtbegin.o
 .eh_frame      0x0000000000001618        0x4 /Applications/ArmGNUToolchain/12.2.rel1/arm-none-eabi/bin/../lib/gcc/arm-none-eabi/12.2.1/thumb/v7e-m/nofp/crtend.o

.glue_7         0x000000000000161c        0x0
 .glue_7        0x000000000000161c        0x0 linker stubs

.glue_7t        0x000000000000161c        0x0
 .glue_7t       0x000000000000161c        0x0 linker stubs

.vfp11_veneer   0x000000000000161c        0x0
 .vfp11_veneer  0x000000000000161c        0x0 linker stubs

.v4_bx          0x000000000000161c        0x0
 .v4_bx         0x000000000000161c        0x0 linker stubs

.iplt           0x000000000000161c        0x0
 .iplt          0x000000000000161c        0x0 /Applications/ArmGNUToolchain/12.2.rel1/arm-none-eabi/bin/../lib/gcc/arm-none-eabi/12.2.1/thumb/v7e-m/nofp/crtbegin.o

.mem_section_dummy_rom

.log_const_data
                0x000000000000161c        0x8
                0x000000000000161c                PROVIDE (__start_log_const_data = .)
 *(SORT_BY_NAME(.log_const_data*))
 .log_const_data_app
                0x000000000000161c        0x8 _build/nrf52810_xxaa/nrf_log_frontend.c.o
                0x000000000000161c                m_nrf_log_app_logs_data_const
                0x0000000000001624                PROVIDE (__stop_log_const_data = .)

.log_backends   0x0000000000001624        0x0
                [!provide]                        PROVIDE (__start_log_backends = .)
 *(SORT_BY_NAME(.log_backends*))
                [!provide]                        PROVIDE (__stop_log_backends = .)

.nrf_balloc     0x0000000000001624       0x14
                [!provide]                        PROVIDE (__start_nrf_balloc = .)
 *(.nrf_balloc)
 .nrf_balloc    0x0000000000001624       0x14 _build/nrf52810_xxaa/nrf_log_frontend.c.o
                0x0000000000001624                log_mempool
                [!provide]                        PROVIDE (__stop_nrf_balloc = .)

.ARM.extab
 *(.ARM.extab* .gnu.linkonce.armextab.*)
                0x0000000000001638                __exidx_start = .

.ARM.exidx      0x0000000000001638        0x8
 *(.ARM.exidx* .gnu.linkonce.armexidx.*)
 .ARM.exidx     0x0000000000001638        0x8 /Applications/ArmGNUToolchain/12.2.rel1/arm-none-eabi/bin/../lib/gcc/arm-none-eabi/12.2.1/../../../../arm-none-eabi/lib/thumb/v7e-m/nofp/crt0.o
                                         0x10 (size before relaxing)
                0x0000000000001640                __exidx_end = .

.rel.dyn        0x0000000000001640        0x0
 .rel.iplt      0x0000000000001640        0x0 /Applications/ArmGNUToolchain/12.2.rel1/arm-none-eabi/bin/../lib/gcc/arm-none-eabi/12.2.1/thumb/v7e-m/nofp/crtbegin.o
                0x0000000000001640                . = ALIGN (0x4)
                0x0000000000001640                __etext = .

.data           0x0000000020000008        0xc load address 0x0000000000001640
                0x0000000020000008                __data_start__ = .
 *(vtable)
 *(.data*)
 .data.SystemCoreClock
                0x0000000020000008        0x4 _build/nrf52810_xxaa/system_nrf52810.c.o
                0x0000000020000008                SystemCoreClock
                0x000000002000000c                . = ALIGN (0x4)
                0x000000002000000c                PROVIDE (__preinit_array_start = .)
 *(.preinit_array)
                0x000000002000000c                PROVIDE (__preinit_array_end = .)
                0x000000002000000c                . = ALIGN (0x4)
                0x000000002000000c                PROVIDE (__init_array_start = .)
 *(SORT_BY_NAME(.init_array.*))
 *(.init_array)
 .init_array    0x000000002000000c        0x4 /Applications/ArmGNUToolchain/12.2.rel1/arm-none-eabi/bin/../lib/gcc/arm-none-eabi/12.2.1/thumb/v7e-m/nofp/crtbegin.o
                0x0000000020000010                PROVIDE (__init_array_end = .)
                0x0000000020000010                . = ALIGN (0x4)
                [!provide]                        PROVIDE (__fini_array_start = .)
 *(SORT_BY_NAME(.fini_array.*))
 *(.fini_array)
 .fini_array    0x0000000020000010        0x4 /Applications/ArmGNUToolchain/12.2.rel1/arm-none-eabi/bin/../lib/gcc/arm-none-eabi/12.2.1/thumb/v7e-m/nofp/crtbegin.o
                [!provide]                        PROVIDE (__fini_array_end = .)
 *(.jcr*)
                0x0000000020000014                . = ALIGN (0x4)
                0x0000000020000014                __data_end__ = .
LOAD /Applications/ArmGNUToolchain/12.2.rel1/arm-none-eabi/bin/../lib/gcc/arm-none-eabi/12.2.1/thumb/v7e-m/nofp/crti.o
LOAD /Applications/ArmGNUToolchain/12.2.rel1/arm-none-eabi/bin/../lib/gcc/arm-none-eabi/12.2.1/thumb/v7e-m/nofp/crtbegin.o
LOAD /Applications/ArmGNUToolchain/12.2.rel1/arm-none-eabi/bin/../lib/gcc/arm-none-eabi/12.2.1/../../../../arm-none-eabi/lib/thumb/v7e-m/nofp/crt0.o
LOAD _build/nrf52810_xxaa/gcc_startup_nrf52810.S.o
LOAD _build/nrf52810_xxaa/nrf_log_frontend.c.o
LOAD _build/nrf52810_xxaa/nrf_log_str_formatter.c.o
LOAD _build/nrf52810_xxaa/boards.c.o
LOAD _build/nrf52810_xxaa/app_error.c.o
LOAD _build/nrf52810_xxaa/app_error_handler_gcc.c.o
LOAD _build/nrf52810_xxaa/app_error_weak.c.o
LOAD _build/nrf52810_xxaa/app_util_platform.c.o
LOAD _build/nrf52810_xxaa/nrf_assert.c.o
LOAD _build/nrf52810_xxaa/nrf_atomic.c.o
LOAD _build/nrf52810_xxaa/nrf_balloc.c.o
LOAD _build/nrf52810_xxaa/nrf_fprintf.c.o
LOAD _build/nrf52810_xxaa/nrf_fprintf_format.c.o
LOAD _build/nrf52810_xxaa/nrf_memobj.c.o
LOAD _build/nrf52810_xxaa/nrf_ringbuf.c.o
LOAD _build/nrf52810_xxaa/nrf_strerror.c.o
LOAD _build/nrf52810_xxaa/nrfx_atomic.c.o
LOAD _build/nrf52810_xxaa/main.c.o
LOAD _build/nrf52810_xxaa/system_nrf52810.c.o
LOAD /Applications/ArmGNUToolchain/12.2.rel1/arm-none-eabi/bin/../lib/gcc/arm-none-eabi/12.2.1/../../../../arm-none-eabi/lib/thumb/v7e-m/nofp/libc_nano.a
LOAD /Applications/ArmGNUToolchain/12.2.rel1/arm-none-eabi/bin/../lib/gcc/arm-none-eabi/12.2.1/../../../../arm-none-eabi/lib/thumb/v7e-m/nofp/libnosys.a
LOAD /Applications/ArmGNUToolchain/12.2.rel1/arm-none-eabi/bin/../lib/gcc/arm-none-eabi/12.2.1/../../../../arm-none-eabi/lib/thumb/v7e-m/nofp/libm.a
START GROUP
LOAD /Applications/ArmGNUToolchain/12.2.rel1/arm-none-eabi/bin/../lib/gcc/arm-none-eabi/12.2.1/thumb/v7e-m/nofp/libgcc.a
LOAD /Applications/ArmGNUToolchain/12.2.rel1/arm-none-eabi/bin/../lib/gcc/arm-none-eabi/12.2.1/../../../../arm-none-eabi/lib/thumb/v7e-m/nofp/libg_nano.a
LOAD /Applications/ArmGNUToolchain/12.2.rel1/arm-none-eabi/bin/../lib/gcc/arm-none-eabi/12.2.1/../../../../arm-none-eabi/lib/thumb/v7e-m/nofp/libc_nano.a
END GROUP
START GROUP
LOAD /Applications/ArmGNUToolchain/12.2.rel1/arm-none-eabi/bin/../lib/gcc/arm-none-eabi/12.2.1/thumb/v7e-m/nofp/libgcc.a
LOAD /Applications/ArmGNUToolchain/12.2.rel1/arm-none-eabi/bin/../lib/gcc/arm-none-eabi/12.2.1/../../../../arm-none-eabi/lib/thumb/v7e-m/nofp/libc_nano.a
END GROUP
LOAD /Applications/ArmGNUToolchain/12.2.rel1/arm-none-eabi/bin/../lib/gcc/arm-none-eabi/12.2.1/thumb/v7e-m/nofp/crtend.o
LOAD /Applications/ArmGNUToolchain/12.2.rel1/arm-none-eabi/bin/../lib/gcc/arm-none-eabi/12.2.1/thumb/v7e-m/nofp/crtn.o
START GROUP
LOAD /Applications/ArmGNUToolchain/12.2.rel1/arm-none-eabi/bin/../lib/gcc/arm-none-eabi/12.2.1/thumb/v7e-m/nofp/libgcc.a
LOAD /Applications/ArmGNUToolchain/12.2.rel1/arm-none-eabi/bin/../lib/gcc/arm-none-eabi/12.2.1/../../../../arm-none-eabi/lib/thumb/v7e-m/nofp/libc.a
LOAD /Applications/ArmGNUToolchain/12.2.rel1/arm-none-eabi/bin/../lib/gcc/arm-none-eabi/12.2.1/../../../../arm-none-eabi/lib/thumb/v7e-m/nofp/libnosys.a
END GROUP

.tm_clone_table
                0x0000000020000014        0x0 load address 0x000000000000164c
 .tm_clone_table
                0x0000000020000014        0x0 /Applications/ArmGNUToolchain/12.2.rel1/arm-none-eabi/bin/../lib/gcc/arm-none-eabi/12.2.1/thumb/v7e-m/nofp/crtbegin.o
 .tm_clone_table
                0x0000000020000014        0x0 /Applications/ArmGNUToolchain/12.2.rel1/arm-none-eabi/bin/../lib/gcc/arm-none-eabi/12.2.1/thumb/v7e-m/nofp/crtend.o

.igot.plt       0x0000000020000014        0x0 load address 0x000000000000164c
 .igot.plt      0x0000000020000014        0x0 /Applications/ArmGNUToolchain/12.2.rel1/arm-none-eabi/bin/../lib/gcc/arm-none-eabi/12.2.1/thumb/v7e-m/nofp/crtbegin.o
                0x0000000020000014                . = ALIGN (0x4)

.mem_section_dummy_ram

.log_dynamic_data
                0x0000000020000014        0x0
                0x0000000020000014                PROVIDE (__start_log_dynamic_data = .)
 *(SORT_BY_NAME(.log_dynamic_data*))
                [!provide]                        PROVIDE (__stop_log_dynamic_data = .)

.log_filter_data
                0x0000000020000014        0x0
                [!provide]                        PROVIDE (__start_log_filter_data = .)
 *(SORT_BY_NAME(.log_filter_data*))
                [!provide]                        PROVIDE (__stop_log_filter_data = .)

.bss            0x0000000020000014       0xf0 load address 0x000000000000164c
                0x0000000020000014                . = ALIGN (0x4)
                0x0000000020000014                __bss_start__ = .
 *(.bss*)
 .bss.completed.1
                0x0000000020000014        0x1 /Applications/ArmGNUToolchain/12.2.rel1/arm-none-eabi/bin/../lib/gcc/arm-none-eabi/12.2.1/thumb/v7e-m/nofp/crtbegin.o
 *fill*         0x0000000020000015        0x3 
 .bss.object.0  0x0000000020000018       0x18 /Applications/ArmGNUToolchain/12.2.rel1/arm-none-eabi/bin/../lib/gcc/arm-none-eabi/12.2.1/thumb/v7e-m/nofp/crtbegin.o
 .bss.log_mempool_nrf_balloc_cb
                0x0000000020000030        0x8 _build/nrf52810_xxaa/nrf_log_frontend.c.o
 .bss.log_mempool_nrf_balloc_pool_mem
                0x0000000020000038       0xc0 _build/nrf52810_xxaa/nrf_log_frontend.c.o
 .bss.log_mempool_nrf_balloc_pool_stack
                0x00000000200000f8        0x8 _build/nrf52810_xxaa/nrf_log_frontend.c.o
 .bss.__stdio_exit_handler
                0x0000000020000100        0x4 /Applications/ArmGNUToolchain/12.2.rel1/arm-none-eabi/bin/../lib/gcc/arm-none-eabi/12.2.1/../../../../arm-none-eabi/lib/thumb/v7e-m/nofp/libc_nano.a(libc_a-findfp.o)
                0x0000000020000100                __stdio_exit_handler
 *(COMMON)
                0x0000000020000104                . = ALIGN (0x4)
                0x0000000020000104                __bss_end__ = .

.heap           0x0000000020000108      0x800
                0x0000000020000108                __HeapBase = .
                0x0000000020000108                __end__ = .
                0x0000000020000108                PROVIDE (end = .)
 *(.heap*)
 .heap          0x0000000020000108      0x800 _build/nrf52810_xxaa/gcc_startup_nrf52810.S.o
                0x0000000020000908                __HeapLimit = .

.stack_dummy    0x0000000020000108      0x800
 *(.stack*)
 .stack         0x0000000020000108      0x800 _build/nrf52810_xxaa/gcc_startup_nrf52810.S.o
                0x0000000020006000                __StackTop = (ORIGIN (RAM) + LENGTH (RAM))
                0x0000000020005800                __StackLimit = (__StackTop - SIZEOF (.stack_dummy))
                0x0000000020006000                PROVIDE (__stack = __StackTop)
                0x0000000000000001                ASSERT ((__StackLimit >= __HeapLimit), region RAM overflowed with stack)
                0x000000000000000c                DataInitFlashUsed = (__bss_start__ - __data_start__)
                0x0000000000000640                CodeFlashUsed = (__etext - ORIGIN (FLASH))
                0x000000000000064c                TotalFlashUsed = (CodeFlashUsed + DataInitFlashUsed)
                0x0000000000000001                ASSERT ((TotalFlashUsed <= LENGTH (FLASH)), region FLASH overflowed with .data and user data)
OUTPUT(_build/nrf52810_xxaa.out elf32-littlearm)
LOAD linker stubs

.ARM.attributes
                0x0000000000000000       0x2a
 .ARM.attributes
                0x0000000000000000       0x1e /Applications/ArmGNUToolchain/12.2.rel1/arm-none-eabi/bin/../lib/gcc/arm-none-eabi/12.2.1/thumb/v7e-m/nofp/crti.o
 .ARM.attributes
                0x000000000000001e       0x2e /Applications/ArmGNUToolchain/12.2.rel1/arm-none-eabi/bin/../lib/gcc/arm-none-eabi/12.2.1/thumb/v7e-m/nofp/crtbegin.o
 .ARM.attributes
                0x000000000000004c       0x1c /Applications/ArmGNUToolchain/12.2.rel1/arm-none-eabi/bin/../lib/gcc/arm-none-eabi/12.2.1/../../../../arm-none-eabi/lib/thumb/v7e-m/nofp/crt0.o
 .ARM.attributes
                0x0000000000000068       0x1c _build/nrf52810_xxaa/gcc_startup_nrf52810.S.o
 .ARM.attributes
                0x0000000000000084       0x2e _build/nrf52810_xxaa/nrf_log_frontend.c.o
 .ARM.attributes
                0x00000000000000b2       0x2e _build/nrf52810_xxaa/boards.c.o
 .ARM.attributes
                0x00000000000000e0       0x2e _build/nrf52810_xxaa/main.c.o
 .ARM.attributes
                0x000000000000010e       0x2e _build/nrf52810_xxaa/system_nrf52810.c.o
 .ARM.attributes
                0x000000000000013c       0x2e /Applications/ArmGNUToolchain/12.2.rel1/arm-none-eabi/bin/../lib/gcc/arm-none-eabi/12.2.1/../../../../arm-none-eabi/lib/thumb/v7e-m/nofp/libc_nano.a(libc_a-exit.o)
 .ARM.attributes
                0x000000000000016a       0x2e /Applications/ArmGNUToolchain/12.2.rel1/arm-none-eabi/bin/../lib/gcc/arm-none-eabi/12.2.1/../../../../arm-none-eabi/lib/thumb/v7e-m/nofp/libc_nano.a(libc_a-findfp.o)
 .ARM.attributes
                0x0000000000000198       0x2e /Applications/ArmGNUToolchain/12.2.rel1/arm-none-eabi/bin/../lib/gcc/arm-none-eabi/12.2.1/../../../../arm-none-eabi/lib/thumb/v7e-m/nofp/libc_nano.a(libc_a-memset.o)
 .ARM.attributes
                0x00000000000001c6       0x2e /Applications/ArmGNUToolchain/12.2.rel1/arm-none-eabi/bin/../lib/gcc/arm-none-eabi/12.2.1/../../../../arm-none-eabi/lib/thumb/v7e-m/nofp/libc_nano.a(libc_a-init.o)
 .ARM.attributes
                0x00000000000001f4       0x2e /Applications/ArmGNUToolchain/12.2.rel1/arm-none-eabi/bin/../lib/gcc/arm-none-eabi/12.2.1/../../../../arm-none-eabi/lib/thumb/v7e-m/nofp/libnosys.a(_exit.o)
 .ARM.attributes
                0x0000000000000222       0x2e /Applications/ArmGNUToolchain/12.2.rel1/arm-none-eabi/bin/../lib/gcc/arm-none-eabi/12.2.1/thumb/v7e-m/nofp/crtend.o
 .ARM.attributes
                0x0000000000000250       0x1e /Applications/ArmGNUToolchain/12.2.rel1/arm-none-eabi/bin/../lib/gcc/arm-none-eabi/12.2.1/thumb/v7e-m/nofp/crtn.o

.comment        0x0000000000000000       0x45
 .comment       0x0000000000000000       0x45 _build/nrf52810_xxaa/nrf_log_frontend.c.o
                                         0x46 (size before relaxing)
 .comment       0x0000000000000045       0x46 _build/nrf52810_xxaa/boards.c.o
 .comment       0x0000000000000045       0x46 _build/nrf52810_xxaa/main.c.o
 .comment       0x0000000000000045       0x46 _build/nrf52810_xxaa/system_nrf52810.c.o

.debug_line_str
                0x0000000000000000      0x194
 .debug_line_str
                0x0000000000000000       0xe9 /Applications/ArmGNUToolchain/12.2.rel1/arm-none-eabi/bin/../lib/gcc/arm-none-eabi/12.2.1/../../../../arm-none-eabi/lib/thumb/v7e-m/nofp/crt0.o
 .debug_line_str
                0x00000000000000e9       0xab _build/nrf52810_xxaa/gcc_startup_nrf52810.S.o

.debug_line     0x0000000000000000     0x3c50
 .debug_line    0x0000000000000000       0x80 _build/nrf52810_xxaa/gcc_startup_nrf52810.S.o
 .debug_line    0x0000000000000080     0x20e7 _build/nrf52810_xxaa/nrf_log_frontend.c.o
 .debug_line    0x0000000000002167      0xaaf _build/nrf52810_xxaa/boards.c.o
 .debug_line    0x0000000000002c16      0x849 _build/nrf52810_xxaa/main.c.o
 .debug_line    0x000000000000345f      0x7f1 _build/nrf52810_xxaa/system_nrf52810.c.o

.debug_info     0x0000000000000000     0x5878
 .debug_info    0x0000000000000000      0x1c7 _build/nrf52810_xxaa/gcc_startup_nrf52810.S.o
 .debug_info    0x00000000000001c7     0x328b _build/nrf52810_xxaa/nrf_log_frontend.c.o
 .debug_info    0x0000000000003452      0xd06 _build/nrf52810_xxaa/boards.c.o
 .debug_info    0x0000000000004158      0x679 _build/nrf52810_xxaa/main.c.o
 .debug_info    0x00000000000047d1     0x10a7 _build/nrf52810_xxaa/system_nrf52810.c.o

.debug_abbrev   0x0000000000000000      0xedd
 .debug_abbrev  0x0000000000000000       0x21 _build/nrf52810_xxaa/gcc_startup_nrf52810.S.o
 .debug_abbrev  0x0000000000000021      0x601 _build/nrf52810_xxaa/nrf_log_frontend.c.o
 .debug_abbrev  0x0000000000000622      0x336 _build/nrf52810_xxaa/boards.c.o
 .debug_abbrev  0x0000000000000958      0x268 _build/nrf52810_xxaa/main.c.o
 .debug_abbrev  0x0000000000000bc0      0x31d _build/nrf52810_xxaa/system_nrf52810.c.o

.debug_aranges  0x0000000000000000      0x1b8
 .debug_aranges
                0x0000000000000000       0x20 _build/nrf52810_xxaa/gcc_startup_nrf52810.S.o
 .debug_aranges
                0x0000000000000020       0xc8 _build/nrf52810_xxaa/nrf_log_frontend.c.o
 .debug_aranges
                0x00000000000000e8       0x78 _build/nrf52810_xxaa/boards.c.o
 .debug_aranges
                0x0000000000000160       0x20 _build/nrf52810_xxaa/main.c.o
 .debug_aranges
                0x0000000000000180       0x38 _build/nrf52810_xxaa/system_nrf52810.c.o

.debug_str      0x0000000000000000    0x6c81d
 .debug_str     0x0000000000000000      0x1a1 _build/nrf52810_xxaa/gcc_startup_nrf52810.S.o
                                        0x358 (size before relaxing)
 .debug_str     0x00000000000001a1    0x6150d _build/nrf52810_xxaa/nrf_log_frontend.c.o
                                      0x61a84 (size before relaxing)
 .debug_str     0x00000000000616ae     0x2d65 _build/nrf52810_xxaa/boards.c.o
                                      0x5f631 (size before relaxing)
 .debug_str     0x0000000000064413       0xbf _build/nrf52810_xxaa/main.c.o
                                      0x5f4d9 (size before relaxing)
 .debug_str     0x00000000000644d2     0x834b _build/nrf52810_xxaa/system_nrf52810.c.o
                                      0x57025 (size before relaxing)

.debug_loclists
                0x0000000000000000     0x2802
 .debug_loclists
                0x0000000000000000     0x226d _build/nrf52810_xxaa/nrf_log_frontend.c.o
 .debug_loclists
                0x000000000000226d      0x3f9 _build/nrf52810_xxaa/boards.c.o
 .debug_loclists
                0x0000000000002666       0xaa _build/nrf52810_xxaa/main.c.o
 .debug_loclists
                0x0000000000002710       0xf2 _build/nrf52810_xxaa/system_nrf52810.c.o

.debug_rnglists
                0x0000000000000000      0x5ac
 .debug_rnglists
                0x0000000000000000      0x470 _build/nrf52810_xxaa/nrf_log_frontend.c.o
 .debug_rnglists
                0x0000000000000470       0x79 _build/nrf52810_xxaa/boards.c.o
 .debug_rnglists
                0x00000000000004e9       0x5e _build/nrf52810_xxaa/main.c.o
 .debug_rnglists
                0x0000000000000547       0x65 _build/nrf52810_xxaa/system_nrf52810.c.o

.debug_macro    0x0000000000000000    0x127e8
 .debug_macro   0x0000000000000000      0x3ee _build/nrf52810_xxaa/nrf_log_frontend.c.o
 .debug_macro   0x00000000000003ee      0xacc _build/nrf52810_xxaa/nrf_log_frontend.c.o
 .debug_macro   0x0000000000000eba       0x22 _build/nrf52810_xxaa/nrf_log_frontend.c.o
 .debug_macro   0x0000000000000edc       0x56 _build/nrf52810_xxaa/nrf_log_frontend.c.o
 .debug_macro   0x0000000000000f32       0x51 _build/nrf52810_xxaa/nrf_log_frontend.c.o
 .debug_macro   0x0000000000000f83      0x103 _build/nrf52810_xxaa/nrf_log_frontend.c.o
 .debug_macro   0x0000000000001086       0x6a _build/nrf52810_xxaa/nrf_log_frontend.c.o
 .debug_macro   0x00000000000010f0      0x1df _build/nrf52810_xxaa/nrf_log_frontend.c.o
 .debug_macro   0x00000000000012cf       0x22 _build/nrf52810_xxaa/nrf_log_frontend.c.o
 .debug_macro   0x00000000000012f1       0x7b _build/nrf52810_xxaa/nrf_log_frontend.c.o
 .debug_macro   0x000000000000136c       0x24 _build/nrf52810_xxaa/nrf_log_frontend.c.o
 .debug_macro   0x0000000000001390       0x3c _build/nrf52810_xxaa/nrf_log_frontend.c.o
 .debug_macro   0x00000000000013cc       0x34 _build/nrf52810_xxaa/nrf_log_frontend.c.o
 .debug_macro   0x0000000000001400      0x182 _build/nrf52810_xxaa/nrf_log_frontend.c.o
 .debug_macro   0x0000000000001582       0x16 _build/nrf52810_xxaa/nrf_log_frontend.c.o
 .debug_macro   0x0000000000001598       0x43 _build/nrf52810_xxaa/nrf_log_frontend.c.o
 .debug_macro   0x00000000000015db       0x34 _build/nrf52810_xxaa/nrf_log_frontend.c.o
 .debug_macro   0x000000000000160f       0x10 _build/nrf52810_xxaa/nrf_log_frontend.c.o
 .debug_macro   0x000000000000161f       0x58 _build/nrf52810_xxaa/nrf_log_frontend.c.o
 .debug_macro   0x0000000000001677      0x1de _build/nrf52810_xxaa/nrf_log_frontend.c.o
 .debug_macro   0x0000000000001855      0x385 _build/nrf52810_xxaa/nrf_log_frontend.c.o
 .debug_macro   0x0000000000001bda       0x10 _build/nrf52810_xxaa/nrf_log_frontend.c.o
 .debug_macro   0x0000000000001bea       0x35 _build/nrf52810_xxaa/nrf_log_frontend.c.o
 .debug_macro   0x0000000000001c1f      0x6ac _build/nrf52810_xxaa/nrf_log_frontend.c.o
 .debug_macro   0x00000000000022cb      0x16d _build/nrf52810_xxaa/nrf_log_frontend.c.o
 .debug_macro   0x0000000000002438       0x5c _build/nrf52810_xxaa/nrf_log_frontend.c.o
 .debug_macro   0x0000000000002494       0x22 _build/nrf52810_xxaa/nrf_log_frontend.c.o
 .debug_macro   0x00000000000024b6       0x8e _build/nrf52810_xxaa/nrf_log_frontend.c.o
 .debug_macro   0x0000000000002544       0xad _build/nrf52810_xxaa/nrf_log_frontend.c.o
 .debug_macro   0x00000000000025f1       0x22 _build/nrf52810_xxaa/nrf_log_frontend.c.o
 .debug_macro   0x0000000000002613       0x3b _build/nrf52810_xxaa/nrf_log_frontend.c.o
 .debug_macro   0x000000000000264e       0x1c _build/nrf52810_xxaa/nrf_log_frontend.c.o
 .debug_macro   0x000000000000266a       0x22 _build/nrf52810_xxaa/nrf_log_frontend.c.o
 .debug_macro   0x000000000000268c       0xe3 _build/nrf52810_xxaa/nrf_log_frontend.c.o
 .debug_macro   0x000000000000276f     0x1011 _build/nrf52810_xxaa/nrf_log_frontend.c.o
 .debug_macro   0x0000000000003780      0x11f _build/nrf52810_xxaa/nrf_log_frontend.c.o
 .debug_macro   0x000000000000389f      0x25e _build/nrf52810_xxaa/nrf_log_frontend.c.o
 .debug_macro   0x0000000000003afd     0xad01 _build/nrf52810_xxaa/nrf_log_frontend.c.o
 .debug_macro   0x000000000000e7fe      0x983 _build/nrf52810_xxaa/nrf_log_frontend.c.o
 .debug_macro   0x000000000000f181       0xc7 _build/nrf52810_xxaa/nrf_log_frontend.c.o
 .debug_macro   0x000000000000f248       0x2e _build/nrf52810_xxaa/nrf_log_frontend.c.o
 .debug_macro   0x000000000000f276       0x22 _build/nrf52810_xxaa/nrf_log_frontend.c.o
 .debug_macro   0x000000000000f298       0x16 _build/nrf52810_xxaa/nrf_log_frontend.c.o
 .debug_macro   0x000000000000f2ae       0x2e _build/nrf52810_xxaa/nrf_log_frontend.c.o
 .debug_macro   0x000000000000f2dc      0x79e _build/nrf52810_xxaa/nrf_log_frontend.c.o
 .debug_macro   0x000000000000fa7a       0x16 _build/nrf52810_xxaa/nrf_log_frontend.c.o
 .debug_macro   0x000000000000fa90       0x55 _build/nrf52810_xxaa/nrf_log_frontend.c.o
 .debug_macro   0x000000000000fae5       0x1c _build/nrf52810_xxaa/nrf_log_frontend.c.o
 .debug_macro   0x000000000000fb01       0x10 _build/nrf52810_xxaa/nrf_log_frontend.c.o
 .debug_macro   0x000000000000fb11       0x16 _build/nrf52810_xxaa/nrf_log_frontend.c.o
 .debug_macro   0x000000000000fb27       0x16 _build/nrf52810_xxaa/nrf_log_frontend.c.o
 .debug_macro   0x000000000000fb3d      0x12a _build/nrf52810_xxaa/nrf_log_frontend.c.o
 .debug_macro   0x000000000000fc67       0x49 _build/nrf52810_xxaa/nrf_log_frontend.c.o
 .debug_macro   0x000000000000fcb0       0x8c _build/nrf52810_xxaa/nrf_log_frontend.c.o
 .debug_macro   0x000000000000fd3c       0x31 _build/nrf52810_xxaa/nrf_log_frontend.c.o
 .debug_macro   0x000000000000fd6d       0x16 _build/nrf52810_xxaa/nrf_log_frontend.c.o
 .debug_macro   0x000000000000fd83       0x55 _build/nrf52810_xxaa/nrf_log_frontend.c.o
 .debug_macro   0x000000000000fdd8      0x185 _build/nrf52810_xxaa/nrf_log_frontend.c.o
 .debug_macro   0x000000000000ff5d       0x9a _build/nrf52810_xxaa/nrf_log_frontend.c.o
 .debug_macro   0x000000000000fff7       0x2e _build/nrf52810_xxaa/nrf_log_frontend.c.o
 .debug_macro   0x0000000000010025       0x16 _build/nrf52810_xxaa/nrf_log_frontend.c.o
 .debug_macro   0x000000000001003b       0x22 _build/nrf52810_xxaa/nrf_log_frontend.c.o
 .debug_macro   0x000000000001005d       0x9e _build/nrf52810_xxaa/nrf_log_frontend.c.o
 .debug_macro   0x00000000000100fb       0x10 _build/nrf52810_xxaa/nrf_log_frontend.c.o
 .debug_macro   0x000000000001010b       0x1d _build/nrf52810_xxaa/nrf_log_frontend.c.o
 .debug_macro   0x0000000000010128       0x1c _build/nrf52810_xxaa/nrf_log_frontend.c.o
 .debug_macro   0x0000000000010144      0x345 _build/nrf52810_xxaa/boards.c.o
 .debug_macro   0x0000000000010489       0xfb _build/nrf52810_xxaa/boards.c.o
 .debug_macro   0x0000000000010584       0x40 _build/nrf52810_xxaa/boards.c.o
 .debug_macro   0x00000000000105c4      0x2ae _build/nrf52810_xxaa/boards.c.o
 .debug_macro   0x0000000000010872       0x59 _build/nrf52810_xxaa/boards.c.o
 .debug_macro   0x00000000000108cb       0x1f _build/nrf52810_xxaa/boards.c.o
 .debug_macro   0x00000000000108ea       0xbd _build/nrf52810_xxaa/boards.c.o
 .debug_macro   0x00000000000109a7       0x3f _build/nrf52810_xxaa/boards.c.o
 .debug_macro   0x00000000000109e6       0x16 _build/nrf52810_xxaa/boards.c.o
 .debug_macro   0x00000000000109fc       0x19 _build/nrf52810_xxaa/boards.c.o
 .debug_macro   0x0000000000010a15       0x16 _build/nrf52810_xxaa/boards.c.o
 .debug_macro   0x0000000000010a2b       0x35 _build/nrf52810_xxaa/boards.c.o
 .debug_macro   0x0000000000010a60       0x7b _build/nrf52810_xxaa/boards.c.o
 .debug_macro   0x0000000000010adb       0x64 _build/nrf52810_xxaa/boards.c.o
 .debug_macro   0x0000000000010b3f       0x20 _build/nrf52810_xxaa/boards.c.o
 .debug_macro   0x0000000000010b5f       0x1c _build/nrf52810_xxaa/boards.c.o
 .debug_macro   0x0000000000010b7b      0x11d _build/nrf52810_xxaa/boards.c.o
 .debug_macro   0x0000000000010c98      0x16d _build/nrf52810_xxaa/boards.c.o
 .debug_macro   0x0000000000010e05      0x355 _build/nrf52810_xxaa/main.c.o
 .debug_macro   0x000000000001115a       0x22 _build/nrf52810_xxaa/main.c.o
 .debug_macro   0x000000000001117c      0x162 _build/nrf52810_xxaa/system_nrf52810.c.o
 .debug_macro   0x00000000000112de      0x44e _build/nrf52810_xxaa/system_nrf52810.c.o
 .debug_macro   0x000000000001172c      0xa28 _build/nrf52810_xxaa/system_nrf52810.c.o
 .debug_macro   0x0000000000012154      0x520 _build/nrf52810_xxaa/system_nrf52810.c.o
 .debug_macro   0x0000000000012674      0x164 _build/nrf52810_xxaa/system_nrf52810.c.o
 .debug_macro   0x00000000000127d8       0x10 _build/nrf52810_xxaa/system_nrf52810.c.o

.debug_frame    0x0000000000000000      0x5f4
 .debug_frame   0x0000000000000000      0x2d0 _build/nrf52810_xxaa/nrf_log_frontend.c.o
 .debug_frame   0x00000000000002d0       0xd0 _build/nrf52810_xxaa/boards.c.o
 .debug_frame   0x00000000000003a0       0x2c _build/nrf52810_xxaa/main.c.o
 .debug_frame   0x00000000000003cc       0x50 _build/nrf52810_xxaa/system_nrf52810.c.o
 .debug_frame   0x000000000000041c       0x28 /Applications/ArmGNUToolchain/12.2.rel1/arm-none-eabi/bin/../lib/gcc/arm-none-eabi/12.2.1/../../../../arm-none-eabi/lib/thumb/v7e-m/nofp/libc_nano.a(libc_a-exit.o)
 .debug_frame   0x0000000000000444      0x144 /Applications/ArmGNUToolchain/12.2.rel1/arm-none-eabi/bin/../lib/gcc/arm-none-eabi/12.2.1/../../../../arm-none-eabi/lib/thumb/v7e-m/nofp/libc_nano.a(libc_a-findfp.o)
 .debug_frame   0x0000000000000588       0x20 /Applications/ArmGNUToolchain/12.2.rel1/arm-none-eabi/bin/../lib/gcc/arm-none-eabi/12.2.1/../../../../arm-none-eabi/lib/thumb/v7e-m/nofp/libc_nano.a(libc_a-memset.o)
 .debug_frame   0x00000000000005a8       0x2c /Applications/ArmGNUToolchain/12.2.rel1/arm-none-eabi/bin/../lib/gcc/arm-none-eabi/12.2.1/../../../../arm-none-eabi/lib/thumb/v7e-m/nofp/libc_nano.a(libc_a-init.o)
 .debug_frame   0x00000000000005d4       0x20 /Applications/ArmGNUToolchain/12.2.rel1/arm-none-eabi/bin/../lib/gcc/arm-none-eabi/12.2.1/../../../../arm-none-eabi/lib/thumb/v7e-m/nofp/libnosys.a(_exit.o)
