Archive member included to satisfy reference by file (symbol)

/Applications/ArmGNUToolchain/12.2.rel1/arm-none-eabi/bin/../lib/gcc/arm-none-eabi/12.2.1/../../../../arm-none-eabi/lib/thumb/v7e-m/nofp/libc_nano.a(libc_a-exit.o)
                              /Applications/ArmGNUToolchain/12.2.rel1/arm-none-eabi/bin/../lib/gcc/arm-none-eabi/12.2.1/../../../../arm-none-eabi/lib/thumb/v7e-m/nofp/crt0.o (exit)
/Applications/ArmGNUToolchain/12.2.rel1/arm-none-eabi/bin/../lib/gcc/arm-none-eabi/12.2.1/../../../../arm-none-eabi/lib/thumb/v7e-m/nofp/libc_nano.a(libc_a-findfp.o)
                              /Applications/ArmGNUToolchain/12.2.rel1/arm-none-eabi/bin/../lib/gcc/arm-none-eabi/12.2.1/../../../../arm-none-eabi/lib/thumb/v7e-m/nofp/libc_nano.a(libc_a-exit.o) (__stdio_exit_handler)
/Applications/ArmGNUToolchain/12.2.rel1/arm-none-eabi/bin/../lib/gcc/arm-none-eabi/12.2.1/../../../../arm-none-eabi/lib/thumb/v7e-m/nofp/libc_nano.a(libc_a-fwalk.o)
                              /Applications/ArmGNUToolchain/12.2.rel1/arm-none-eabi/bin/../lib/gcc/arm-none-eabi/12.2.1/../../../../arm-none-eabi/lib/thumb/v7e-m/nofp/libc_nano.a(libc_a-findfp.o) (_fwalk_sglue)
/Applications/ArmGNUToolchain/12.2.rel1/arm-none-eabi/bin/../lib/gcc/arm-none-eabi/12.2.1/../../../../arm-none-eabi/lib/thumb/v7e-m/nofp/libc_nano.a(libc_a-memset.o)
                              /Applications/ArmGNUToolchain/12.2.rel1/arm-none-eabi/bin/../lib/gcc/arm-none-eabi/12.2.1/../../../../arm-none-eabi/lib/thumb/v7e-m/nofp/crt0.o (memset)
/Applications/ArmGNUToolchain/12.2.rel1/arm-none-eabi/bin/../lib/gcc/arm-none-eabi/12.2.1/../../../../arm-none-eabi/lib/thumb/v7e-m/nofp/libc_nano.a(libc_a-impure.o)
                              /Applications/ArmGNUToolchain/12.2.rel1/arm-none-eabi/bin/../lib/gcc/arm-none-eabi/12.2.1/../../../../arm-none-eabi/lib/thumb/v7e-m/nofp/libc_nano.a(libc_a-findfp.o) (_impure_data)
/Applications/ArmGNUToolchain/12.2.rel1/arm-none-eabi/bin/../lib/gcc/arm-none-eabi/12.2.1/../../../../arm-none-eabi/lib/thumb/v7e-m/nofp/libc_nano.a(libc_a-init.o)
                              /Applications/ArmGNUToolchain/12.2.rel1/arm-none-eabi/bin/../lib/gcc/arm-none-eabi/12.2.1/../../../../arm-none-eabi/lib/thumb/v7e-m/nofp/crt0.o (__libc_init_array)
/Applications/ArmGNUToolchain/12.2.rel1/arm-none-eabi/bin/../lib/gcc/arm-none-eabi/12.2.1/../../../../arm-none-eabi/lib/thumb/v7e-m/nofp/libc_nano.a(libc_a-lock.o)
                              /Applications/ArmGNUToolchain/12.2.rel1/arm-none-eabi/bin/../lib/gcc/arm-none-eabi/12.2.1/../../../../arm-none-eabi/lib/thumb/v7e-m/nofp/libc_nano.a(libc_a-findfp.o) (__retarget_lock_init_recursive)
/Applications/ArmGNUToolchain/12.2.rel1/arm-none-eabi/bin/../lib/gcc/arm-none-eabi/12.2.1/../../../../arm-none-eabi/lib/thumb/v7e-m/nofp/libc_nano.a(libc_a-memcpy-stub.o)
                              _build/nrf52810_xxaa/nrf_memobj.c.o (memcpy)
/Applications/ArmGNUToolchain/12.2.rel1/arm-none-eabi/bin/../lib/gcc/arm-none-eabi/12.2.1/../../../../arm-none-eabi/lib/thumb/v7e-m/nofp/libc_nano.a(libc_a-strlen.o)
                              _build/nrf52810_xxaa/nrf_fprintf_format.c.o (strlen)
/Applications/ArmGNUToolchain/12.2.rel1/arm-none-eabi/bin/../lib/gcc/arm-none-eabi/12.2.1/../../../../arm-none-eabi/lib/thumb/v7e-m/nofp/libc_nano.a(libc_a-mallocr.o)
                              /Applications/ArmGNUToolchain/12.2.rel1/arm-none-eabi/bin/../lib/gcc/arm-none-eabi/12.2.1/../../../../arm-none-eabi/lib/thumb/v7e-m/nofp/libc_nano.a(libc_a-findfp.o) (_malloc_r)
/Applications/ArmGNUToolchain/12.2.rel1/arm-none-eabi/bin/../lib/gcc/arm-none-eabi/12.2.1/../../../../arm-none-eabi/lib/thumb/v7e-m/nofp/libc_nano.a(libc_a-fflush.o)
                              /Applications/ArmGNUToolchain/12.2.rel1/arm-none-eabi/bin/../lib/gcc/arm-none-eabi/12.2.1/../../../../arm-none-eabi/lib/thumb/v7e-m/nofp/libc_nano.a(libc_a-findfp.o) (_fflush_r)
/Applications/ArmGNUToolchain/12.2.rel1/arm-none-eabi/bin/../lib/gcc/arm-none-eabi/12.2.1/../../../../arm-none-eabi/lib/thumb/v7e-m/nofp/libc_nano.a(libc_a-mlock.o)
                              /Applications/ArmGNUToolchain/12.2.rel1/arm-none-eabi/bin/../lib/gcc/arm-none-eabi/12.2.1/../../../../arm-none-eabi/lib/thumb/v7e-m/nofp/libc_nano.a(libc_a-mallocr.o) (__malloc_lock)
/Applications/ArmGNUToolchain/12.2.rel1/arm-none-eabi/bin/../lib/gcc/arm-none-eabi/12.2.1/../../../../arm-none-eabi/lib/thumb/v7e-m/nofp/libc_nano.a(libc_a-stdio.o)
                              /Applications/ArmGNUToolchain/12.2.rel1/arm-none-eabi/bin/../lib/gcc/arm-none-eabi/12.2.1/../../../../arm-none-eabi/lib/thumb/v7e-m/nofp/libc_nano.a(libc_a-findfp.o) (__sread)
/Applications/ArmGNUToolchain/12.2.rel1/arm-none-eabi/bin/../lib/gcc/arm-none-eabi/12.2.1/../../../../arm-none-eabi/lib/thumb/v7e-m/nofp/libc_nano.a(libc_a-closer.o)
[...]
Memory Configuration

Name             Origin             Length             Attributes
FLASH            0x0000000000000000 0x0000000000030000 xr
RAM              0x0000000020000000 0x0000000000006000 xrw
*default*        0x0000000000000000 0xffffffffffffffff

Linker script and memory map


.text           0x0000000000000000      0x60c
 *(.isr_vector)
 .isr_vector    0x0000000000000000      0x200 _build/nrf52810_xxaa/gcc_startup_nrf52810.S.o
                0x0000000000000000                __isr_vector
 *(.text*)
 .text.deregister_tm_clones
                0x0000000000000200       0x1c /Applications/ArmGNUToolchain/12.2.rel1/arm-none-eabi/bin/../lib/gcc/arm-none-eabi/12.2.1/thumb/v7e-m/nofp/crtbegin.o
 .text.register_tm_clones
                0x000000000000021c       0x24 /Applications/ArmGNUToolchain/12.2.rel1/arm-none-eabi/bin/../lib/gcc/arm-none-eabi/12.2.1/thumb/v7e-m/nofp/crtbegin.o
 .text.__do_global_dtors_aux
                0x0000000000000240       0x28 /Applications/ArmGNUToolchain/12.2.rel1/arm-none-eabi/bin/../lib/gcc/arm-none-eabi/12.2.1/thumb/v7e-m/nofp/crtbegin.o
 .text.frame_dummy
                0x0000000000000268       0x24 /Applications/ArmGNUToolchain/12.2.rel1/arm-none-eabi/bin/../lib/gcc/arm-none-eabi/12.2.1/thumb/v7e-m/nofp/crtbegin.o
 .text          0x000000000000028c       0x7c /Applications/ArmGNUToolchain/12.2.rel1/arm-none-eabi/bin/../lib/gcc/arm-none-eabi/12.2.1/../../../../arm-none-eabi/lib/thumb/v7e-m/nofp/crt0.o
                0x000000000000028c                _stack_init
                0x0000000000000294                _mainCRTStartup
                0x0000000000000294                _start
 .text          0x0000000000000308       0x68 _build/nrf52810_xxaa/gcc_startup_nrf52810.S.o
                0x0000000000000308                Reset_Handler
                0x000000000000035c                NMI_Handler
                0x000000000000035e                HardFault_Handler
                0x0000000000000360                MemoryManagement_Handler
                0x0000000000000362                BusFault_Handler
                0x0000000000000364                UsageFault_Handler
                0x0000000000000366                SVC_Handler
                0x0000000000000368                DebugMon_Handler
                0x000000000000036a                PendSV_Handler
                0x000000000000036c                SysTick_Handler
                0x000000000000036e                SWI4_IRQHandler
                0x000000000000036e                TEMP_IRQHandler
                0x000000000000036e                QDEC_IRQHandler
                0x000000000000036e                UARTE0_UART0_IRQHandler
                0x000000000000036e                SWI5_IRQHandler
                0x000000000000036e                TIMER0_IRQHandler
                0x000000000000036e                TIMER1_IRQHandler
                0x000000000000036e                ECB_IRQHandler
                0x000000000000036e                Default_Handler
                0x000000000000036e                SWI3_IRQHandler
                0x000000000000036e                SPIM0_SPIS0_SPI0_IRQHandler
                0x000000000000036e                SAADC_IRQHandler
                0x000000000000036e                CCM_AAR_IRQHandler
                0x000000000000036e                WDT_IRQHandler
                0x000000000000036e                SWI2_IRQHandler
                0x000000000000036e                RNG_IRQHandler
                0x000000000000036e                COMP_IRQHandler
                0x000000000000036e                PWM0_IRQHandler
                0x000000000000036e                RTC1_IRQHandler
                0x000000000000036e                SWI1_EGU1_IRQHandler
                0x000000000000036e                TWIM0_TWIS0_TWI0_IRQHandler
                0x000000000000036e                SWI0_EGU0_IRQHandler
                0x000000000000036e                TIMER2_IRQHandler
                0x000000000000036e                GPIOTE_IRQHandler
                0x000000000000036e                RTC0_IRQHandler
                0x000000000000036e                POWER_CLOCK_IRQHandler
                0x000000000000036e                RADIO_IRQHandler
                0x000000000000036e                PDM_IRQHandler
 .text.bsp_board_led_invert
                0x0000000000000370       0x1c _build/nrf52810_xxaa/boards.c.o
                0x0000000000000370                bsp_board_led_invert
 .text.bsp_board_init
                0x000000000000038c       0x28 _build/nrf52810_xxaa/boards.c.o
                0x000000000000038c                bsp_board_init
 .text.startup.main
                0x00000000000003b4       0x38 _build/nrf52810_xxaa/main.c.o
                0x00000000000003b4                main
 .text.SystemInit
                0x00000000000003ec      0x17c _build/nrf52810_xxaa/system_nrf52810.c.o
                0x00000000000003ec                SystemInit
 .text.exit     0x0000000000000568       0x24 /Applications/ArmGNUToolchain/12.2.rel1/arm-none-eabi/bin/../lib/gcc/arm-none-eabi/12.2.1/../../../../arm-none-eabi/lib/thumb/v7e-m/nofp/libc_nano.a(libc_a-exit.o)
                0x0000000000000568                exit
 .text.memset   0x000000000000058c       0x10 /Applications/ArmGNUToolchain/12.2.rel1/arm-none-eabi/bin/../lib/gcc/arm-none-eabi/12.2.1/../../../../arm-none-eabi/lib/thumb/v7e-m/nofp/libc_nano.a(libc_a-memset.o)
                0x000000000000058c                memset
 .text.__libc_init_array
                0x000000000000059c       0x48 /Applications/ArmGNUToolchain/12.2.rel1/arm-none-eabi/bin/../lib/gcc/arm-none-eabi/12.2.1/../../../../arm-none-eabi/lib/thumb/v7e-m/nofp/libc_nano.a(libc_a-init.o)
                0x000000000000059c                __libc_init_array
 .text._exit    0x00000000000005e4        0x4 /Applications/ArmGNUToolchain/12.2.rel1/arm-none-eabi/bin/../lib/gcc/arm-none-eabi/12.2.1/../../../../arm-none-eabi/lib/thumb/v7e-m/nofp/libnosys.a(_exit.o)
                0x00000000000005e4                _exit
 *(.init)
 .init          0x00000000000005e8        0x4 /Applications/ArmGNUToolchain/12.2.rel1/arm-none-eabi/bin/../lib/gcc/arm-none-eabi/12.2.1/thumb/v7e-m/nofp/crti.o
                0x00000000000005e8                _init
 .init          0x00000000000005ec        0x8 /Applications/ArmGNUToolchain/12.2.rel1/arm-none-eabi/bin/../lib/gcc/arm-none-eabi/12.2.1/thumb/v7e-m/nofp/crtn.o
 *(.fini)
 .fini          0x00000000000005f4        0x4 /Applications/ArmGNUToolchain/12.2.rel1/arm-none-eabi/bin/../lib/gcc/arm-none-eabi/12.2.1/thumb/v7e-m/nofp/crti.o
                0x00000000000005f4                _fini
 .fini          0x00000000000005f8        0x8 /Applications/ArmGNUToolchain/12.2.rel1/arm-none-eabi/bin/../lib/gcc/arm-none-eabi/12.2.1/thumb/v7e-m/nofp/crtn.o
 *crtbegin.o(.ctors)
 *crtbegin?.o(.ctors)
 *(EXCLUDE_FILE(*crtend.o *crtend?.o) .ctors)
 *(SORT_BY_NAME(.ctors.*))
 *(.ctors)
 *crtbegin.o(.dtors)
 *crtbegin?.o(.dtors)
 *(EXCLUDE_FILE(*crtend.o *crtend?.o) .dtors)
 *(SORT_BY_NAME(.dtors.*))
 *(.dtors)
 *(.rodata*)
 .rodata.delay_machine_code.0
                0x0000000000000600        0x6 _build/nrf52810_xxaa/main.c.o
 *(.eh_frame*)
 *fill*         0x0000000000000606        0x2 
 .eh_frame      0x0000000000000608        0x0 /Applications/ArmGNUToolchain/12.2.rel1/arm-none-eabi/bin/../lib/gcc/arm-none-eabi/12.2.1/thumb/v7e-m/nofp/crtbegin.o
 .eh_frame      0x0000000000000608        0x4 /Applications/ArmGNUToolchain/12.2.rel1/arm-none-eabi/bin/../lib/gcc/arm-none-eabi/12.2.1/thumb/v7e-m/nofp/crtend.o

.glue_7         0x000000000000060c        0x0
 .glue_7        0x000000000000060c        0x0 linker stubs

.glue_7t        0x000000000000060c        0x0
 .glue_7t       0x000000000000060c        0x0 linker stubs

.vfp11_veneer   0x000000000000060c        0x0
 .vfp11_veneer  0x000000000000060c        0x0 linker stubs

.v4_bx          0x000000000000060c        0x0
 .v4_bx         0x000000000000060c        0x0 linker stubs

.iplt           0x000000000000060c        0x0
 .iplt          0x000000000000060c        0x0 /Applications/ArmGNUToolchain/12.2.rel1/arm-none-eabi/bin/../lib/gcc/arm-none-eabi/12.2.1/thumb/v7e-m/nofp/crtbegin.o

.mem_section_dummy_rom

.log_const_data
                0x000000000000060c        0x0
                [!provide]                        PROVIDE (__start_log_const_data = .)
 *(SORT_BY_NAME(.log_const_data*))
                [!provide]                        PROVIDE (__stop_log_const_data = .)

.log_backends   0x000000000000060c        0x0
                [!provide]                        PROVIDE (__start_log_backends = .)
 *(SORT_BY_NAME(.log_backends*))
                [!provide]                        PROVIDE (__stop_log_backends = .)

.nrf_balloc     0x000000000000060c        0x0
                [!provide]                        PROVIDE (__start_nrf_balloc = .)
 *(.nrf_balloc)
                [!provide]                        PROVIDE (__stop_nrf_balloc = .)

.ARM.extab
 *(.ARM.extab* .gnu.linkonce.armextab.*)
                0x000000000000060c                __exidx_start = .

.ARM.exidx      0x000000000000060c        0x8
 *(.ARM.exidx* .gnu.linkonce.armexidx.*)
 .ARM.exidx     0x000000000000060c        0x8 /Applications/ArmGNUToolchain/12.2.rel1/arm-none-eabi/bin/../lib/gcc/arm-none-eabi/12.2.1/../../../../arm-none-eabi/lib/thumb/v7e-m/nofp/crt0.o
                                         0x10 (size before relaxing)
                0x0000000000000614                __exidx_end = .

.rel.dyn        0x0000000000000614        0x0
 .rel.iplt      0x0000000000000614        0x0 /Applications/ArmGNUToolchain/12.2.rel1/arm-none-eabi/bin/../lib/gcc/arm-none-eabi/12.2.1/thumb/v7e-m/nofp/crtbegin.o
                0x0000000000000614                . = ALIGN (0x4)
                0x0000000000000614                __etext = .

.data           0x0000000020000000        0xc load address 0x0000000000000614
                0x0000000020000000                __data_start__ = .
 *(vtable)
 *(.data*)
 .data.SystemCoreClock
                0x0000000020000000        0x4 _build/nrf52810_xxaa/system_nrf52810.c.o
                0x0000000020000000                SystemCoreClock
                0x0000000020000004                . = ALIGN (0x4)
                0x0000000020000004                PROVIDE (__preinit_array_start = .)
 *(.preinit_array)
                0x0000000020000004                PROVIDE (__preinit_array_end = .)
                0x0000000020000004                . = ALIGN (0x4)
                0x0000000020000004                PROVIDE (__init_array_start = .)
 *(SORT_BY_NAME(.init_array.*))
 *(.init_array)
 .init_array    0x0000000020000004        0x4 /Applications/ArmGNUToolchain/12.2.rel1/arm-none-eabi/bin/../lib/gcc/arm-none-eabi/12.2.1/thumb/v7e-m/nofp/crtbegin.o
                0x0000000020000008                PROVIDE (__init_array_end = .)
                0x0000000020000008                . = ALIGN (0x4)
                [!provide]                        PROVIDE (__fini_array_start = .)
 *(SORT_BY_NAME(.fini_array.*))
 *(.fini_array)
 .fini_array    0x0000000020000008        0x4 /Applications/ArmGNUToolchain/12.2.rel1/arm-none-eabi/bin/../lib/gcc/arm-none-eabi/12.2.1/thumb/v7e-m/nofp/crtbegin.o
                [!provide]                        PROVIDE (__fini_array_end = .)
 *(.jcr*)
                0x000000002000000c                . = ALIGN (0x4)
                0x000000002000000c                __data_end__ = .
LOAD /Applications/ArmGNUToolchain/12.2.rel1/arm-none-eabi/bin/../lib/gcc/arm-none-eabi/12.2.1/thumb/v7e-m/nofp/crti.o
LOAD /Applications/ArmGNUToolchain/12.2.rel1/arm-none-eabi/bin/../lib/gcc/arm-none-eabi/12.2.1/thumb/v7e-m/nofp/crtbegin.o
LOAD /Applications/ArmGNUToolchain/12.2.rel1/arm-none-eabi/bin/../lib/gcc/arm-none-eabi/12.2.1/../../../../arm-none-eabi/lib/thumb/v7e-m/nofp/crt0.o
LOAD _build/nrf52810_xxaa/gcc_startup_nrf52810.S.o
LOAD _build/nrf52810_xxaa/nrf_log_frontend.c.o
LOAD _build/nrf52810_xxaa/nrf_log_str_formatter.c.o
LOAD _build/nrf52810_xxaa/boards.c.o
LOAD _build/nrf52810_xxaa/app_error.c.o
LOAD _build/nrf52810_xxaa/app_error_handler_gcc.c.o
LOAD _build/nrf52810_xxaa/app_error_weak.c.o
LOAD _build/nrf52810_xxaa/app_util_platform.c.o
LOAD _build/nrf52810_xxaa/nrf_assert.c.o
LOAD _build/nrf52810_xxaa/nrf_atomic.c.o
LOAD _build/nrf52810_xxaa/nrf_balloc.c.o
LOAD _build/nrf52810_xxaa/nrf_fprintf.c.o
LOAD _build/nrf52810_xxaa/nrf_fprintf_format.c.o
LOAD _build/nrf52810_xxaa/nrf_memobj.c.o
LOAD _build/nrf52810_xxaa/nrf_ringbuf.c.o
LOAD _build/nrf52810_xxaa/nrf_strerror.c.o
LOAD _build/nrf52810_xxaa/nrfx_atomic.c.o
LOAD _build/nrf52810_xxaa/main.c.o
LOAD _build/nrf52810_xxaa/system_nrf52810.c.o
LOAD /Applications/ArmGNUToolchain/12.2.rel1/arm-none-eabi/bin/../lib/gcc/arm-none-eabi/12.2.1/../../../../arm-none-eabi/lib/thumb/v7e-m/nofp/libc_nano.a
LOAD /Applications/ArmGNUToolchain/12.2.rel1/arm-none-eabi/bin/../lib/gcc/arm-none-eabi/12.2.1/../../../../arm-none-eabi/lib/thumb/v7e-m/nofp/libnosys.a
LOAD /Applications/ArmGNUToolchain/12.2.rel1/arm-none-eabi/bin/../lib/gcc/arm-none-eabi/12.2.1/../../../../arm-none-eabi/lib/thumb/v7e-m/nofp/libm.a
START GROUP
LOAD /Applications/ArmGNUToolchain/12.2.rel1/arm-none-eabi/bin/../lib/gcc/arm-none-eabi/12.2.1/thumb/v7e-m/nofp/libgcc.a
LOAD /Applications/ArmGNUToolchain/12.2.rel1/arm-none-eabi/bin/../lib/gcc/arm-none-eabi/12.2.1/../../../../arm-none-eabi/lib/thumb/v7e-m/nofp/libg_nano.a
LOAD /Applications/ArmGNUToolchain/12.2.rel1/arm-none-eabi/bin/../lib/gcc/arm-none-eabi/12.2.1/../../../../arm-none-eabi/lib/thumb/v7e-m/nofp/libc_nano.a
END GROUP
START GROUP
LOAD /Applications/ArmGNUToolchain/12.2.rel1/arm-none-eabi/bin/../lib/gcc/arm-none-eabi/12.2.1/thumb/v7e-m/nofp/libgcc.a
LOAD /Applications/ArmGNUToolchain/12.2.rel1/arm-none-eabi/bin/../lib/gcc/arm-none-eabi/12.2.1/../../../../arm-none-eabi/lib/thumb/v7e-m/nofp/libc_nano.a
END GROUP
LOAD /Applications/ArmGNUToolchain/12.2.rel1/arm-none-eabi/bin/../lib/gcc/arm-none-eabi/12.2.1/thumb/v7e-m/nofp/crtend.o
LOAD /Applications/ArmGNUToolchain/12.2.rel1/arm-none-eabi/bin/../lib/gcc/arm-none-eabi/12.2.1/thumb/v7e-m/nofp/crtn.o
START GROUP
LOAD /Applications/ArmGNUToolchain/12.2.rel1/arm-none-eabi/bin/../lib/gcc/arm-none-eabi/12.2.1/thumb/v7e-m/nofp/libgcc.a
LOAD /Applications/ArmGNUToolchain/12.2.rel1/arm-none-eabi/bin/../lib/gcc/arm-none-eabi/12.2.1/../../../../arm-none-eabi/lib/thumb/v7e-m/nofp/libc.a
LOAD /Applications/ArmGNUToolchain/12.2.rel1/arm-none-eabi/bin/../lib/gcc/arm-none-eabi/12.2.1/../../../../arm-none-eabi/lib/thumb/v7e-m/nofp/libnosys.a
END GROUP

.tm_clone_table
                0x000000002000000c        0x0 load address 0x0000000000000620
 .tm_clone_table
                0x000000002000000c        0x0 /Applications/ArmGNUToolchain/12.2.rel1/arm-none-eabi/bin/../lib/gcc/arm-none-eabi/12.2.1/thumb/v7e-m/nofp/crtbegin.o
 .tm_clone_table
                0x000000002000000c        0x0 /Applications/ArmGNUToolchain/12.2.rel1/arm-none-eabi/bin/../lib/gcc/arm-none-eabi/12.2.1/thumb/v7e-m/nofp/crtend.o

.igot.plt       0x000000002000000c        0x0 load address 0x0000000000000620
 .igot.plt      0x000000002000000c        0x0 /Applications/ArmGNUToolchain/12.2.rel1/arm-none-eabi/bin/../lib/gcc/arm-none-eabi/12.2.1/thumb/v7e-m/nofp/crtbegin.o
                0x000000002000000c                . = ALIGN (0x4)

.mem_section_dummy_ram

.log_dynamic_data
                0x000000002000000c        0x0
                [!provide]                        PROVIDE (__start_log_dynamic_data = .)
 *(SORT_BY_NAME(.log_dynamic_data*))
                [!provide]                        PROVIDE (__stop_log_dynamic_data = .)

.log_filter_data
                0x000000002000000c        0x0
                [!provide]                        PROVIDE (__start_log_filter_data = .)
 *(SORT_BY_NAME(.log_filter_data*))
                [!provide]                        PROVIDE (__stop_log_filter_data = .)

.bss            0x000000002000000c       0x20 load address 0x0000000000000620
                0x000000002000000c                . = ALIGN (0x4)
                0x000000002000000c                __bss_start__ = .
 *(.bss*)
 .bss.completed.1
                0x000000002000000c        0x1 /Applications/ArmGNUToolchain/12.2.rel1/arm-none-eabi/bin/../lib/gcc/arm-none-eabi/12.2.1/thumb/v7e-m/nofp/crtbegin.o
 *fill*         0x000000002000000d        0x3 
 .bss.object.0  0x0000000020000010       0x18 /Applications/ArmGNUToolchain/12.2.rel1/arm-none-eabi/bin/../lib/gcc/arm-none-eabi/12.2.1/thumb/v7e-m/nofp/crtbegin.o
 .bss.__stdio_exit_handler
                0x0000000020000028        0x4 /Applications/ArmGNUToolchain/12.2.rel1/arm-none-eabi/bin/../lib/gcc/arm-none-eabi/12.2.1/../../../../arm-none-eabi/lib/thumb/v7e-m/nofp/libc_nano.a(libc_a-findfp.o)
                0x0000000020000028                __stdio_exit_handler
 *(COMMON)
                0x000000002000002c                . = ALIGN (0x4)
                0x000000002000002c                __bss_end__ = .

.heap           0x0000000020000030      0x800
                0x0000000020000030                __HeapBase = .
                0x0000000020000030                __end__ = .
                0x0000000020000030                PROVIDE (end = .)
 *(.heap*)
 .heap          0x0000000020000030      0x800 _build/nrf52810_xxaa/gcc_startup_nrf52810.S.o
                0x0000000020000830                __HeapLimit = .

.stack_dummy    0x0000000020000030      0x800
 *(.stack*)
 .stack         0x0000000020000030      0x800 _build/nrf52810_xxaa/gcc_startup_nrf52810.S.o
                0x0000000020006000                __StackTop = (ORIGIN (RAM) + LENGTH (RAM))
                0x0000000020005800                __StackLimit = (__StackTop - SIZEOF (.stack_dummy))
                0x0000000020006000                PROVIDE (__stack = __StackTop)
                0x0000000000000001                ASSERT ((__StackLimit >= __HeapLimit), region RAM overflowed with stack)
                0x000000000000000c                DataInitFlashUsed = (__bss_start__ - __data_start__)
                0x0000000000000614                CodeFlashUsed = (__etext - ORIGIN (FLASH))
                0x0000000000000620                TotalFlashUsed = (CodeFlashUsed + DataInitFlashUsed)
                0x0000000000000001                ASSERT ((TotalFlashUsed <= LENGTH (FLASH)), region FLASH overflowed with .data and user data)
OUTPUT(_build/nrf52810_xxaa.out elf32-littlearm)
LOAD linker stubs

.ARM.attributes
                0x0000000000000000       0x2a
 .ARM.attributes
                0x0000000000000000       0x1e /Applications/ArmGNUToolchain/12.2.rel1/arm-none-eabi/bin/../lib/gcc/arm-none-eabi/12.2.1/thumb/v7e-m/nofp/crti.o
 .ARM.attributes
                0x000000000000001e       0x2e /Applications/ArmGNUToolchain/12.2.rel1/arm-none-eabi/bin/../lib/gcc/arm-none-eabi/12.2.1/thumb/v7e-m/nofp/crtbegin.o
 .ARM.attributes
                0x000000000000004c       0x1c /Applications/ArmGNUToolchain/12.2.rel1/arm-none-eabi/bin/../lib/gcc/arm-none-eabi/12.2.1/../../../../arm-none-eabi/lib/thumb/v7e-m/nofp/crt0.o
 .ARM.attributes
                0x0000000000000068       0x1c _build/nrf52810_xxaa/gcc_startup_nrf52810.S.o
 .ARM.attributes
                0x0000000000000084       0x2e _build/nrf52810_xxaa/boards.c.o
 .ARM.attributes
                0x00000000000000b2       0x2e _build/nrf52810_xxaa/main.c.o
 .ARM.attributes
                0x00000000000000e0       0x2e _build/nrf52810_xxaa/system_nrf52810.c.o
 .ARM.attributes
                0x000000000000010e       0x2e /Applications/ArmGNUToolchain/12.2.rel1/arm-none-eabi/bin/../lib/gcc/arm-none-eabi/12.2.1/../../../../arm-none-eabi/lib/thumb/v7e-m/nofp/libc_nano.a(libc_a-exit.o)
 .ARM.attributes
                0x000000000000013c       0x2e /Applications/ArmGNUToolchain/12.2.rel1/arm-none-eabi/bin/../lib/gcc/arm-none-eabi/12.2.1/../../../../arm-none-eabi/lib/thumb/v7e-m/nofp/libc_nano.a(libc_a-findfp.o)
 .ARM.attributes
                0x000000000000016a       0x2e /Applications/ArmGNUToolchain/12.2.rel1/arm-none-eabi/bin/../lib/gcc/arm-none-eabi/12.2.1/../../../../arm-none-eabi/lib/thumb/v7e-m/nofp/libc_nano.a(libc_a-memset.o)
 .ARM.attributes
                0x0000000000000198       0x2e /Applications/ArmGNUToolchain/12.2.rel1/arm-none-eabi/bin/../lib/gcc/arm-none-eabi/12.2.1/../../../../arm-none-eabi/lib/thumb/v7e-m/nofp/libc_nano.a(libc_a-init.o)
 .ARM.attributes
                0x00000000000001c6       0x2e /Applications/ArmGNUToolchain/12.2.rel1/arm-none-eabi/bin/../lib/gcc/arm-none-eabi/12.2.1/../../../../arm-none-eabi/lib/thumb/v7e-m/nofp/libnosys.a(_exit.o)
 .ARM.attributes
                0x00000000000001f4       0x2e /Applications/ArmGNUToolchain/12.2.rel1/arm-none-eabi/bin/../lib/gcc/arm-none-eabi/12.2.1/thumb/v7e-m/nofp/crtend.o
 .ARM.attributes
                0x0000000000000222       0x1e /Applications/ArmGNUToolchain/12.2.rel1/arm-none-eabi/bin/../lib/gcc/arm-none-eabi/12.2.1/thumb/v7e-m/nofp/crtn.o

.comment        0x0000000000000000       0x45
 .comment       0x0000000000000000       0x45 _build/nrf52810_xxaa/boards.c.o
                                         0x46 (size before relaxing)
 .comment       0x0000000000000045       0x46 _build/nrf52810_xxaa/main.c.o
 .comment       0x0000000000000045       0x46 _build/nrf52810_xxaa/system_nrf52810.c.o

.debug_line_str
                0x0000000000000000      0x196
 .debug_line_str
                0x0000000000000000       0xe9 /Applications/ArmGNUToolchain/12.2.rel1/arm-none-eabi/bin/../lib/gcc/arm-none-eabi/12.2.1/../../../../arm-none-eabi/lib/thumb/v7e-m/nofp/crt0.o
 .debug_line_str
                0x00000000000000e9       0xad _build/nrf52810_xxaa/gcc_startup_nrf52810.S.o

.debug_line     0x0000000000000000     0x1acd
 .debug_line    0x0000000000000000       0x80 _build/nrf52810_xxaa/gcc_startup_nrf52810.S.o
 .debug_line    0x0000000000000080      0xa61 _build/nrf52810_xxaa/boards.c.o
 .debug_line    0x0000000000000ae1      0x7fb _build/nrf52810_xxaa/main.c.o
 .debug_line    0x00000000000012dc      0x7f1 _build/nrf52810_xxaa/system_nrf52810.c.o

.debug_info     0x0000000000000000     0x25ed
 .debug_info    0x0000000000000000      0x1c7 _build/nrf52810_xxaa/gcc_startup_nrf52810.S.o
 .debug_info    0x00000000000001c7      0xd06 _build/nrf52810_xxaa/boards.c.o
 .debug_info    0x0000000000000ecd      0x679 _build/nrf52810_xxaa/main.c.o
 .debug_info    0x0000000000001546     0x10a7 _build/nrf52810_xxaa/system_nrf52810.c.o

.debug_abbrev   0x0000000000000000      0x8dc
 .debug_abbrev  0x0000000000000000       0x21 _build/nrf52810_xxaa/gcc_startup_nrf52810.S.o
 .debug_abbrev  0x0000000000000021      0x336 _build/nrf52810_xxaa/boards.c.o
 .debug_abbrev  0x0000000000000357      0x268 _build/nrf52810_xxaa/main.c.o
 .debug_abbrev  0x00000000000005bf      0x31d _build/nrf52810_xxaa/system_nrf52810.c.o

.debug_aranges  0x0000000000000000       0xf0
 .debug_aranges
                0x0000000000000000       0x20 _build/nrf52810_xxaa/gcc_startup_nrf52810.S.o
 .debug_aranges
                0x0000000000000020       0x78 _build/nrf52810_xxaa/boards.c.o
 .debug_aranges
                0x0000000000000098       0x20 _build/nrf52810_xxaa/main.c.o
 .debug_aranges
                0x00000000000000b8       0x38 _build/nrf52810_xxaa/system_nrf52810.c.o

.debug_str      0x0000000000000000    0x67567
 .debug_str     0x0000000000000000      0x1a3 _build/nrf52810_xxaa/gcc_startup_nrf52810.S.o
                                        0x35a (size before relaxing)
 .debug_str     0x00000000000001a3    0x5efa5 _build/nrf52810_xxaa/boards.c.o
                                      0x5f46d (size before relaxing)
 .debug_str     0x000000000005f148       0xbf _build/nrf52810_xxaa/main.c.o
                                      0x5f315 (size before relaxing)
 .debug_str     0x000000000005f207     0x8360 _build/nrf52810_xxaa/system_nrf52810.c.o
                                      0x57019 (size before relaxing)

.debug_loclists
                0x0000000000000000      0x595
 .debug_loclists
                0x0000000000000000      0x3f9 _build/nrf52810_xxaa/boards.c.o
 .debug_loclists
                0x00000000000003f9       0xaa _build/nrf52810_xxaa/main.c.o
 .debug_loclists
                0x00000000000004a3       0xf2 _build/nrf52810_xxaa/system_nrf52810.c.o

.debug_rnglists
                0x0000000000000000      0x13c
 .debug_rnglists
                0x0000000000000000       0x79 _build/nrf52810_xxaa/boards.c.o
 .debug_rnglists
                0x0000000000000079       0x5e _build/nrf52810_xxaa/main.c.o
 .debug_rnglists
                0x00000000000000d7       0x65 _build/nrf52810_xxaa/system_nrf52810.c.o

.debug_macro    0x0000000000000000     0x290f
 .debug_macro   0x0000000000000000      0x327 _build/nrf52810_xxaa/boards.c.o
 .debug_macro   0x0000000000000327       0xfb _build/nrf52810_xxaa/boards.c.o
 .debug_macro   0x0000000000000422       0x40 _build/nrf52810_xxaa/boards.c.o
 .debug_macro   0x0000000000000462      0x2ae _build/nrf52810_xxaa/boards.c.o
 .debug_macro   0x0000000000000710       0x59 _build/nrf52810_xxaa/boards.c.o
 .debug_macro   0x0000000000000769       0x1f _build/nrf52810_xxaa/boards.c.o
 .debug_macro   0x0000000000000788       0xbd _build/nrf52810_xxaa/boards.c.o
 .debug_macro   0x0000000000000845       0x3f _build/nrf52810_xxaa/boards.c.o
 .debug_macro   0x0000000000000884       0x16 _build/nrf52810_xxaa/boards.c.o
 .debug_macro   0x000000000000089a       0x10 _build/nrf52810_xxaa/boards.c.o
 .debug_macro   0x00000000000008aa       0x16 _build/nrf52810_xxaa/boards.c.o
 .debug_macro   0x00000000000008c0       0x16 _build/nrf52810_xxaa/boards.c.o
 .debug_macro   0x00000000000008d6      0x12a _build/nrf52810_xxaa/boards.c.o
 .debug_macro   0x0000000000000a00       0x49 _build/nrf52810_xxaa/boards.c.o
 .debug_macro   0x0000000000000a49       0x8c _build/nrf52810_xxaa/boards.c.o
 .debug_macro   0x0000000000000ad5       0x19 _build/nrf52810_xxaa/boards.c.o
 .debug_macro   0x0000000000000aee       0x16 _build/nrf52810_xxaa/boards.c.o
 .debug_macro   0x0000000000000b04       0x35 _build/nrf52810_xxaa/boards.c.o
 .debug_macro   0x0000000000000b39       0x7b _build/nrf52810_xxaa/boards.c.o
 .debug_macro   0x0000000000000bb4       0x64 _build/nrf52810_xxaa/boards.c.o
 .debug_macro   0x0000000000000c18       0x20 _build/nrf52810_xxaa/boards.c.o
 .debug_macro   0x0000000000000c38       0x1c _build/nrf52810_xxaa/boards.c.o
 .debug_macro   0x0000000000000c54      0x189 _build/nrf52810_xxaa/boards.c.o
 .debug_macro   0x0000000000000ddd      0x16d _build/nrf52810_xxaa/boards.c.o
 .debug_macro   0x0000000000000f4a      0x337 _build/nrf52810_xxaa/main.c.o
 .debug_macro   0x0000000000001281       0x22 _build/nrf52810_xxaa/main.c.o
 .debug_macro   0x00000000000012a3      0x162 _build/nrf52810_xxaa/system_nrf52810.c.o
 .debug_macro   0x0000000000001405      0x44e _build/nrf52810_xxaa/system_nrf52810.c.o
 .debug_macro   0x0000000000001853      0xa28 _build/nrf52810_xxaa/system_nrf52810.c.o
 .debug_macro   0x000000000000227b      0x520 _build/nrf52810_xxaa/system_nrf52810.c.o
 .debug_macro   0x000000000000279b      0x164 _build/nrf52810_xxaa/system_nrf52810.c.o
 .debug_macro   0x00000000000028ff       0x10 _build/nrf52810_xxaa/system_nrf52810.c.o

.debug_frame    0x0000000000000000      0x324
 .debug_frame   0x0000000000000000       0xd0 _build/nrf52810_xxaa/boards.c.o
 .debug_frame   0x00000000000000d0       0x2c _build/nrf52810_xxaa/main.c.o
 .debug_frame   0x00000000000000fc       0x50 _build/nrf52810_xxaa/system_nrf52810.c.o
 .debug_frame   0x000000000000014c       0x28 /Applications/ArmGNUToolchain/12.2.rel1/arm-none-eabi/bin/../lib/gcc/arm-none-eabi/12.2.1/../../../../arm-none-eabi/lib/thumb/v7e-m/nofp/libc_nano.a(libc_a-exit.o)
 .debug_frame   0x0000000000000174      0x144 /Applications/ArmGNUToolchain/12.2.rel1/arm-none-eabi/bin/../lib/gcc/arm-none-eabi/12.2.1/../../../../arm-none-eabi/lib/thumb/v7e-m/nofp/libc_nano.a(libc_a-findfp.o)
 .debug_frame   0x00000000000002b8       0x20 /Applications/ArmGNUToolchain/12.2.rel1/arm-none-eabi/bin/../lib/gcc/arm-none-eabi/12.2.1/../../../../arm-none-eabi/lib/thumb/v7e-m/nofp/libc_nano.a(libc_a-memset.o)
 .debug_frame   0x00000000000002d8       0x2c /Applications/ArmGNUToolchain/12.2.rel1/arm-none-eabi/bin/../lib/gcc/arm-none-eabi/12.2.1/../../../../arm-none-eabi/lib/thumb/v7e-m/nofp/libc_nano.a(libc_a-init.o)
 .debug_frame   0x0000000000000304       0x20 /Applications/ArmGNUToolchain/12.2.rel1/arm-none-eabi/bin/../lib/gcc/arm-none-eabi/12.2.1/../../../../arm-none-eabi/lib/thumb/v7e-m/nofp/libnosys.a(_exit.o)
